result: !SemanticTokens
  data:
  - 0
  - 0
  - 18
  - 28
  - 0
  - 1
  - 0
  - 5
  - 32
  - 1
  - 1
  - 4
  - 4
  - 37
  - 0
  - 0
  - 8
  - 9
  - 36
  - 0
  - 1
  - 8
  - 1
  - 37
  - 0
  - 0
  - 9
  - 9
  - 36
  - 0
  - 1
  - 8
  - 1
  - 37
  - 0
  - 2
  - 0
  - 6
  - 32
  - 1
  - 1
  - 4
  - 2
  - 34
  - 0
  - 0
  - 14
  - 3
  - 37
  - 0
  - 0
  - 7
  - 4
  - 36
  - 0
  - 0
  - 14
  - 8
  - 36
  - 0
  - 2
  - 0
  - 5
  - 32
  - 1
  - 1
  - 4
  - 3
  - 34
  - 0
  - 0
  - 7
  - 4
  - 36
  - 0
  - 0
  - 8
  - 8
  - 44
  - 0
  - 1
  - 8
  - 14
  - 37
  - 1024
  - 0
  - 18
  - 4
  - 36
  - 0
  - 1
  - 4
  - 3
  - 34
  - 0
  result_id: null
