result: !SemanticTokens
  data:
  - 0
  - 0
  - 16
  - 26
  - 0
  - 1
  - 0
  - 7
  - 23
  - 0
  - 0
  - 11
  - 11
  - 51
  - 0
  - 1
  - 0
  - 8
  - 23
  - 0
  - 0
  - 12
  - 22
  - 51
  - 0
  - 2
  - 0
  - 18
  - 28
  - 0
  - 1
  - 0
  - 5
  - 32
  - 1
  - 1
  - 4
  - 17
  - 37
  - 0
  - 1
  - 4
  - 13
  - 51
  - 0
  - 0
  - 13
  - 1
  - 21
  - 0
  - 0
  - 1
  - 26
  - 37
  - 0
  result_id: null
