data: !GeneratedTestData
  character: 28
  line: 94
  name: a keyword in teardown
result:
- !LocationLink
  origin_selection_range:
    end:
      character: 29
      line: 94
    start:
      character: 26
      line: 94
  target_range:
    end:
      character: 0
      line: 3315
    start:
      character: 0
      line: 3314
  target_selection_range:
    end:
      character: 0
      line: 3315
    start:
      character: 0
      line: 3314
  target_uri: BuiltIn.py
