data: !GeneratedTestData
  character: 13
  line: 64
  name: BuiltIn Keyword with Namespace
result:
- !LocationLink
  origin_selection_range:
    end:
      character: 15
      line: 64
    start:
      character: 12
      line: 64
  target_range:
    end:
      character: 0
      line: 3315
    start:
      character: 0
      line: 3314
  target_selection_range:
    end:
      character: 0
      line: 3315
    start:
      character: 0
      line: 3314
  target_uri: BuiltIn.py
