result: !SemanticTokens
  data:
  - 0
  - 0
  - 16
  - 26
  - 0
  result_id: null
