data: !GeneratedTestData
  character: 39
  line: 53
  name: template keyword with namespace
result:
- !Location
  range:
    end:
      character: 0
      line: 3437
    start:
      character: 0
      line: 3436
  uri: libraries/BuiltIn.py
- !Location
  range:
    end:
      character: 37
      line: 16
    start:
      character: 23
      line: 16
  uri: tests/code_action_show_documentation.robot
- !Location
  range:
    end:
      character: 28
      line: 18
    start:
      character: 14
      line: 18
  uri: tests/code_action_show_documentation.robot
- !Location
  range:
    end:
      character: 29
      line: 28
    start:
      character: 15
      line: 28
  uri: tests/code_action_show_documentation.robot
- !Location
  range:
    end:
      character: 40
      line: 30
    start:
      character: 26
      line: 30
  uri: tests/code_action_show_documentation.robot
- !Location
  range:
    end:
      character: 18
      line: 34
    start:
      character: 4
      line: 34
  uri: tests/code_action_show_documentation.robot
- !Location
  range:
    end:
      character: 26
      line: 35
    start:
      character: 12
      line: 35
  uri: tests/code_action_show_documentation.robot
- !Location
  range:
    end:
      character: 32
      line: 40
    start:
      character: 18
      line: 40
  uri: tests/code_action_show_documentation.robot
- !Location
  range:
    end:
      character: 40
      line: 46
    start:
      character: 26
      line: 46
  uri: tests/code_action_show_documentation.robot
- !Location
  range:
    end:
      character: 37
      line: 14
    start:
      character: 23
      line: 14
  uri: tests/document_highlight.robot
- !Location
  range:
    end:
      character: 28
      line: 16
    start:
      character: 14
      line: 16
  uri: tests/document_highlight.robot
- !Location
  range:
    end:
      character: 29
      line: 30
    start:
      character: 15
      line: 30
  uri: tests/document_highlight.robot
- !Location
  range:
    end:
      character: 40
      line: 32
    start:
      character: 26
      line: 32
  uri: tests/document_highlight.robot
- !Location
  range:
    end:
      character: 18
      line: 36
    start:
      character: 4
      line: 36
  uri: tests/document_highlight.robot
- !Location
  range:
    end:
      character: 26
      line: 38
    start:
      character: 12
      line: 38
  uri: tests/document_highlight.robot
- !Location
  range:
    end:
      character: 32
      line: 45
    start:
      character: 18
      line: 45
  uri: tests/document_highlight.robot
- !Location
  range:
    end:
      character: 40
      line: 51
    start:
      character: 26
      line: 51
  uri: tests/document_highlight.robot
- !Location
  range:
    end:
      character: 37
      line: 16
    start:
      character: 23
      line: 16
  uri: tests/references.robot
- !Location
  range:
    end:
      character: 28
      line: 18
    start:
      character: 14
      line: 18
  uri: tests/references.robot
- !Location
  range:
    end:
      character: 29
      line: 32
    start:
      character: 15
      line: 32
  uri: tests/references.robot
- !Location
  range:
    end:
      character: 40
      line: 34
    start:
      character: 26
      line: 34
  uri: tests/references.robot
- !Location
  range:
    end:
      character: 18
      line: 38
    start:
      character: 4
      line: 38
  uri: tests/references.robot
- !Location
  range:
    end:
      character: 26
      line: 40
    start:
      character: 12
      line: 40
  uri: tests/references.robot
- !Location
  range:
    end:
      character: 32
      line: 47
    start:
      character: 18
      line: 47
  uri: tests/references.robot
- !Location
  range:
    end:
      character: 40
      line: 53
    start:
      character: 26
      line: 53
  uri: tests/references.robot
- !Location
  range:
    end:
      character: 22
      line: 213
    start:
      character: 8
      line: 213
  uri: tests/references.robot
