result: !SemanticTokens
  data:
  - 0
  - 0
  - 16
  - 26
  - 0
  - 1
  - 0
  - 4
  - 24
  - 0
  result_id: null
