result: !SemanticTokens
  data:
  - 0
  - 0
  - 18
  - 28
  - 0
  - 1
  - 0
  - 5
  - 32
  - 1
  - 1
  - 4
  - 14
  - 37
  - 0
  - 1
  - 4
  - 5
  - 37
  - 0
  - 1
  - 4
  - 6
  - 37
  - 0
  - 1
  - 4
  - 8
  - 37
  - 0
  - 1
  - 4
  - 4
  - 37
  - 0
  - 1
  - 4
  - 4
  - 37
  - 0
  - 1
  - 4
  - 3
  - 37
  - 0
  - 0
  - 7
  - 19
  - 17
  - 0
  - 1
  - 4
  - 7
  - 37
  - 0
  - 1
  - 4
  - 3
  - 37
  - 0
  - 1
  - 4
  - 2
  - 37
  - 0
  - 0
  - 6
  - 19
  - 17
  - 0
  result_id: null
