result: !SemanticTokens
  data:
  - 0
  - 0
  - 16
  - 27
  - 0
  - 1
  - 0
  - 8
  - 24
  - 0
  - 0
  - 12
  - 22
  - 51
  - 0
  - 2
  - 0
  - 11
  - 25
  - 0
  - 0
  - 14
  - 26
  - 36
  - 0
  result_id: null
