result: !SemanticTokens
  data:
  - 0
  - 0
  - 17
  - 27
  - 0
  - 1
  - 0
  - 9
  - 36
  - 0
  - 1
  - 0
  - 8
  - 36
  - 0
  - 1
  - 0
  - 18
  - 36
  - 0
  - 2
  - 0
  - 18
  - 28
  - 0
  - 1
  - 0
  - 5
  - 32
  - 1
  - 1
  - 4
  - 12
  - 37
  - 0
  - 1
  - 4
  - 19
  - 37
  - 0
  - 1
  - 4
  - 6
  - 37
  - 0
  result_id: null
