result: !SemanticTokens
  data:
  - 0
  - 0
  - 16
  - 26
  - 0
  - 1
  - 0
  - 9
  - 23
  - 0
  - 0
  - 13
  - 11
  - 51
  - 0
  - 2
  - 0
  - 18
  - 28
  - 0
  - 1
  - 0
  - 5
  - 32
  - 1
  - 1
  - 4
  - 3
  - 37
  - 1024
  - 0
  - 7
  - 16
  - 36
  - 0
  - 1
  - 4
  - 3
  - 37
  - 1024
  - 0
  - 7
  - 16
  - 36
  - 0
  result_id: null
