result: !SemanticTokens
  data:
  - 0
  - 0
  - 13
  - 29
  - 0
  - 1
  - 0
  - 10
  - 32
  - 1
  - 1
  - 4
  - 12
  - 37
  - 1024
  - 2
  - 0
  - 11
  - 32
  - 1
  - 1
  - 4
  - 12
  - 37
  - 1024
  result_id: null
