result: !SemanticTokens
  data:
  - 0
  - 0
  - 18
  - 28
  - 0
  - 1
  - 0
  - 5
  - 32
  - 1
  - 1
  - 4
  - 5
  - 37
  - 0
  - 1
  - 8
  - 5
  - 37
  - 0
  - 1
  - 4
  - 3
  - 37
  - 0
  - 2
  - 4
  - 5
  - 37
  - 0
  - 1
  - 8
  - 6
  - 37
  - 0
  - 1
  - 8
  - 5
  - 37
  - 0
  - 1
  - 12
  - 6
  - 37
  - 0
  - 2
  - 8
  - 3
  - 37
  - 0
  - 2
  - 4
  - 3
  - 37
  - 0
  result_id: null
