result: !SemanticTokens
  data:
  - 0
  - 0
  - 16
  - 26
  - 0
  - 2
  - 0
  - 8
  - 23
  - 0
  - 0
  - 18
  - 41
  - 51
  - 0
  - 1
  - 0
  - 8
  - 23
  - 0
  - 0
  - 18
  - 41
  - 51
  - 0
  - 1
  - 0
  - 8
  - 23
  - 0
  - 0
  - 18
  - 28
  - 51
  - 0
  - 2
  - 0
  - 7
  - 23
  - 0
  - 0
  - 10
  - 11
  - 51
  - 0
  - 1
  - 0
  - 7
  - 23
  - 0
  - 0
  - 11
  - 8
  - 51
  - 0
  - 2
  - 0
  - 9
  - 23
  - 0
  - 0
  - 13
  - 11
  - 51
  - 0
  - 1
  - 0
  - 9
  - 23
  - 0
  - 0
  - 12
  - 14
  - 51
  - 0
  - 2
  - 0
  - 18
  - 28
  - 0
  - 1
  - 0
  - 5
  - 32
  - 1
  - 1
  - 4
  - 20
  - 37
  - 0
  - 1
  - 4
  - 20
  - 37
  - 0
  - 1
  - 4
  - 18
  - 37
  - 0
  - 1
  - 4
  - 10
  - 51
  - 0
  - 0
  - 10
  - 1
  - 21
  - 0
  - 0
  - 1
  - 20
  - 37
  - 0
  - 1
  - 4
  - 10
  - 51
  - 0
  - 0
  - 10
  - 1
  - 21
  - 0
  - 0
  - 1
  - 20
  - 37
  - 0
  - 1
  - 4
  - 10
  - 51
  - 0
  - 0
  - 10
  - 1
  - 21
  - 0
  - 0
  - 1
  - 18
  - 37
  - 0
  result_id: null
