result: !SemanticTokens
  data:
  - 0
  - 0
  - 18
  - 28
  - 0
  - 1
  - 0
  - 6
  - 32
  - 1
  - 1
  - 4
  - 3
  - 37
  - 0
  - 0
  - 3
  - 9
  - 35
  - 2048
  - 0
  - 10
  - 5
  - 37
  - 0
  - 0
  - 5
  - 5
  - 35
  - 2048
  - 1
  - 4
  - 37
  - 37
  - 0
  - 2
  - 0
  - 16
  - 31
  - 0
  - 1
  - 0
  - 3
  - 33
  - 1
  - 0
  - 3
  - 12
  - 36
  - 0
  - 0
  - 12
  - 6
  - 33
  - 1
  - 0
  - 6
  - 8
  - 36
  - 0
  - 1
  - 4
  - 3
  - 37
  - 1024
  - 0
  - 12
  - 12
  - 36
  - 0
  - 0
  - 18
  - 8
  - 36
  - 0
  - 2
  - 0
  - 3
  - 33
  - 1
  - 0
  - 3
  - 12
  - 36
  - 0
  - 0
  - 12
  - 6
  - 33
  - 1
  - 0
  - 6
  - 8
  - 36
  - 0
  - 0
  - 8
  - 14
  - 33
  - 1
  - 1
  - 4
  - 1
  - 21
  - 0
  - 0
  - 1
  - 9
  - 24
  - 0
  - 0
  - 9
  - 1
  - 21
  - 0
  - 0
  - 5
  - 7
  - 54
  - 0
  - 1
  - 4
  - 3
  - 37
  - 1024
  - 0
  - 12
  - 12
  - 36
  - 0
  - 0
  - 18
  - 8
  - 36
  - 0
  - 0
  - 23
  - 7
  - 36
  - 0
  result_id: null
