result: !SemanticTokens
  data:
  - 0
  - 0
  - 16
  - 26
  - 0
  - 4
  - 0
  - 18
  - 28
  - 0
  - 1
  - 0
  - 5
  - 32
  - 1
  - 1
  - 4
  - 30
  - 37
  - 0
  result_id: null
